
> @TAK-NZ/auth-infra@1.0.0 build
> tsc

